[INFO] Scanning for projects...
[WARNING] 
[WARNING] Some problems were encountered while building the effective model for RKTraders:web:jar:0.0.1-SNAPSHOT
[WARNING] 'dependencies.dependency.(groupId:artifactId:type:classifier)' must be unique: org.springframework.boot:spring-boot-starter-test:jar -> duplicate declaration of version (?) @ line 62, column 15
[WARNING] 
[WARNING] It is highly recommended to fix these problems because they threaten the stability of your build.
[WARNING] 
[WARNING] For this reason, future Maven versions might no longer support building such malformed projects.
[WARNING] 
[INFO] 
[INFO] ---------------------------< RKTraders:web >----------------------------
[INFO] Building  0.0.1-SNAPSHOT
[INFO]   from pom.xml
[INFO] --------------------------------[ jar ]---------------------------------
[INFO] 
[INFO] >>> spring-boot:3.5.3:run (default-cli) > test-compile @ web >>>
[INFO] 
[INFO] --- resources:3.3.1:resources (default-resources) @ web ---
[INFO] Copying 1 resource from src\main\resources to target\classes
[INFO] Copying 0 resource from src\main\resources to target\classes
[INFO] 
[INFO] --- compiler:3.14.0:compile (default-compile) @ web ---
[INFO] Nothing to compile - all classes are up to date.
[INFO] 
[INFO] --- resources:3.3.1:testResources (default-testResources) @ web ---
[INFO] skip non existing resourceDirectory C:\Users\user\OneDrive\Desktop\RK Traders\New folder\RKTraders\src\test\resources
[INFO] 
[INFO] --- compiler:3.14.0:testCompile (default-testCompile) @ web ---
[INFO] Nothing to compile - all classes are up to date.
[INFO] 
[INFO] <<< spring-boot:3.5.3:run (default-cli) < test-compile @ web <<<
[INFO] 
[INFO] 
[INFO] --- spring-boot:3.5.3:run (default-cli) @ web ---
[INFO] Attaching agents: []
Picked up JAVA_TOOL_OPTIONS: -Duser.home=C:\Users\user

  .   ____          _            __ _ _
 /\\ / ___'_ __ _ _(_)_ __  __ _ \ \ \ \
( ( )\___ | '_ | '_| | '_ \/ _` | \ \ \ \
 \\/  ___)| |_)| | | | | || (_| |  ) ) ) )
  '  |____| .__|_| |_|_| |_\__, | / / / /
 =========|_|==============|___/=/_/_/_/

 :: Spring Boot ::                (v3.5.3)

2026-10-03T12:05:49.224+05:30  INFO 28516 --- [web] [           main] RKTraders.web.WebApplication             : Starting WebApplication using Java 21.0.11 with PID 28516 (C:\Users\user\OneDrive\Desktop\RK Traders\New folder\RKTraders\target\classes started by user in C:\Users\user\OneDrive\Desktop\RK Traders\New folder\RKTraders)
2026-10-03T12:05:49.227+05:30  INFO 28516 --- [web] [           main] RKTraders.web.WebApplication             : No active profile set, falling back to 1 default profile: "default"
2026-10-03T12:05:49.818+05:30  INFO 28516 --- [web] [           main] .s.d.r.c.RepositoryConfigurationDelegate : Bootstrapping Spring Data JPA repositories in DEFAULT mode.
2026-10-03T12:05:49.918+05:30  INFO 28516 --- [web] [           main] .s.d.r.c.RepositoryConfigurationDelegate : Finished Spring Data repository scanning in 77 ms. Found 14 JPA repository interfaces.
2026-10-03T12:05:50.322+05:30  INFO 28516 --- [web] [           main] o.s.b.w.embedded.tomcat.TomcatWebServer  : Tomcat initialized with port 8080 (http)
2026-10-03T12:05:50.333+05:30  INFO 28516 --- [web] [           main] o.apache.catalina.core.StandardService   : Starting service [Tomcat]
2026-10-03T12:05:50.333+05:30  INFO 28516 --- [web] [           main] o.apache.catalina.core.StandardEngine    : Starting Servlet engine: [Apache Tomcat/10.1.42]
2026-10-03T12:05:50.378+05:30  INFO 28516 --- [web] [           main] o.a.c.c.C.[Tomcat].[localhost].[/]       : Initializing Spring embedded WebApplicationContext
2026-10-03T12:05:50.379+05:30  INFO 28516 --- [web] [           main] w.s.c.ServletWebServerApplicationContext : Root WebApplicationContext: initialization completed in 1116 ms
2026-10-03T12:05:50.503+05:30  INFO 28516 --- [web] [           main] o.hibernate.jpa.internal.util.LogHelper  : HHH000204: Processing PersistenceUnitInfo [name: default]
2026-10-03T12:05:50.538+05:30  INFO 28516 --- [web] [           main] org.hibernate.Version                    : HHH000412: Hibernate ORM core version 6.6.18.Final
2026-10-03T12:05:50.559+05:30  INFO 28516 --- [web] [           main] o.h.c.internal.RegionFactoryInitiator    : HHH000026: Second-level cache disabled
2026-10-03T12:05:50.770+05:30  INFO 28516 --- [web] [           main] o.s.o.j.p.SpringPersistenceUnitInfo      : No LoadTimeWeaver setup: ignoring JPA class transformer
2026-10-03T12:05:50.799+05:30  INFO 28516 --- [web] [           main] com.zaxxer.hikari.HikariDataSource       : HikariPool-1 - Starting...
2026-10-03T12:05:51.105+05:30  INFO 28516 --- [web] [           main] com.zaxxer.hikari.pool.HikariPool        : HikariPool-1 - Added connection com.mysql.cj.jdbc.ConnectionImpl@3fef1e6b
2026-10-03T12:05:51.107+05:30  INFO 28516 --- [web] [           main] com.zaxxer.hikari.HikariDataSource       : HikariPool-1 - Start completed.
2026-10-03T12:05:51.187+05:30  INFO 28516 --- [web] [           main] org.hibernate.orm.connections.pooling    : HHH10001005: Database info:
	Database JDBC URL [Connecting through datasource 'HikariDataSource (HikariPool-1)']
	Database driver: undefined/unknown
	Database version: 8.0.46
	Autocommit mode: undefined/unknown
	Isolation level: undefined/unknown
	Minimum pool size: undefined/unknown
	Maximum pool size: undefined/unknown
2026-10-03T12:05:52.057+05:30  INFO 28516 --- [web] [           main] o.h.e.t.j.p.i.JtaPlatformInitiator       : HHH000489: No JTA platform available (set 'hibernate.transaction.jta.platform' to enable JTA platform integration)
2026-10-03T12:05:52.265+05:30  INFO 28516 --- [web] [           main] j.LocalContainerEntityManagerFactoryBean : Initialized JPA EntityManagerFactory for persistence unit 'default'
Hibernate: select count(*) from owner_entity oe1_0
2026-10-03T12:05:53.053+05:30  WARN 28516 --- [web] [           main] JpaBaseConfiguration$JpaWebConfiguration : spring.jpa.open-in-view is enabled by default. Therefore, database queries may be performed during view rendering. Explicitly configure spring.jpa.open-in-view to disable this warning
2026-10-03T12:05:53.080+05:30  WARN 28516 --- [web] [           main] r$InitializeUserDetailsManagerConfigurer : Found 2 UserDetailsService beans, with names [customerService, customUserDetailsService]. Global Authentication Manager will not use a UserDetailsService for username/password login. Consider publishing a single UserDetailsService bean.
2026-10-03T12:05:53.482+05:30  INFO 28516 --- [web] [           main] o.s.b.w.embedded.tomcat.TomcatWebServer  : Tomcat started on port 8080 (http) with context path '/'
2026-10-03T12:05:53.488+05:30  INFO 28516 --- [web] [           main] RKTraders.web.WebApplication             : Started WebApplication in 4.617 seconds (process running for 4.881)
2026-10-03T14:09:06.339+05:30  WARN 28516 --- [web] [l-1:housekeeper] com.zaxxer.hikari.pool.HikariPool        : HikariPool-1 - Thread starvation or clock leap detected (housekeeper delta=28m14s917ms124µs200ns).
